net 1: (6 0)->(6 0) 0 0 0 0 #timing (1 1) ps polarity 1
net 1: (6 0)->(4 2) 1 3 0 0 #timing (169 141) ps polarity 0
net 1: (4 2)->(6 2) 1 2 0 1 #timing (500 417) ps  polarity 1
net 1: (6 2)->(6 3) 0 1 0 1 #timing (564 667) ps  polarity 0
net 2: (7 0)->(7 0) 0 0 0 0 #timing (1 1) ps polarity 1
net 2: (7 0)->(5 2) 1 3 0 0 #timing (144 126) ps polarity 0
net 2: (5 2)->(7 2) 1 2 0 1 #timing (408 362) ps  polarity 1
net 2: (7 2)->(6 3) 0 3 0 1 #timing (512 547) ps  polarity 0
net 3: (24 0)->(24 1) 0 1 0 0 #timing (2 2) ps polarity 1
net 3: (24 1)->(26 3) 1 3 0 0 #timing (163 141) ps polarity 0
net 3: (26 3)->(26 3) 5 0 1 0 #timing (266 334) ps polarity 1
net 3: (26 3)->(11 3) 13 2 1 0 #timing (1021 821) ps polarity 0
net 3: (11 3)->(11 3) 5 0 0 1 #timing (1283 1096) ps  polarity 0
net 3: (11 3)->(7 3) 4 5 0 1 #timing (1780 1490) ps  polarity 1
net 3: (7 3)->(7 3) 1 0 0 1 #timing (1971 1656) ps  polarity 0
net 3: (7 3)->(6 3) 0 2 0 1 #timing (1736 2059) ps  polarity 1
net 4: (6 2)->(7 3) 0 3 0 0 #timing (193 193) ps polarity 1
net 4: (7 3)->(7 3) 1 0 0 0 #timing (303 300) ps polarity 0
net 4: (7 3)->(7 7) 3 1 0 0 #timing (645 571) ps polarity 0
net 4: (7 7)->(7 7) 5 0 1 0 #timing (776 716) ps polarity 1
net 4: (7 7)->(7 23) 13 1 0 0 #timing (1329 1273) ps polarity 0
net 4: (7 23)->(7 31) 5 1 0 1 #timing (1907 1831) ps  polarity 1
net 4: (7 31)->(5 31) 1 2 0 1 #timing (2096 2118) ps  polarity 0
net 4: (5 31)->(4 31) 0 2 0 1 #timing (2213 2216) ps  polarity 1
net 5: (6 3)->(6 2) 0 1 0 0 #timing (219 219) ps polarity 0
net 5: (6 2)->(4 2) 1 2 0 0 #timing (385 360) ps polarity 1
net 5: (4 2)->(4 6) 3 1 0 0 #timing (703 688) ps polarity 1
net 5: (4 6)->(4 6) 5 0 1 0 #timing (828 827) ps polarity 0
net 5: (4 6)->(4 23) 13 1 1 0 #timing (1481 1359) ps polarity 1
net 5: (4 23)->(4 31) 5 1 0 1 #timing (1937 1796) ps  polarity 0
net 5: (4 31)->(4 31) 1 0 1 1 #timing (2001 2106) ps  polarity 1
net 5: (4 31)->(5 31) 0 2 0 1 #timing (2221 2111) ps  polarity 0
