net 2: (7 0)->(7 1) 0 1 0 0 #timing (2 2) ps polarity 1
net 2: (7 1)->(5 3) 1 3 0 0 #timing (136 118) ps polarity 0
net 2: (5 3)->(5 7) 3 1 0 0 #timing (484 470) ps polarity 0
net 2: (5 7)->(9 7) 4 5 0 0 #timing (837 780) ps polarity 0
net 2: (9 7)->(9 11) 3 4 0 1 #timing (1245 1196) ps  polarity 0
net 2: (9 11)->(9 9) 1 1 0 1 #timing (1396 1340) ps  polarity 1
net 2: (9 9)->(9 8) 0 1 0 1 #timing (1426 1505) ps  polarity 0
net 2: (9 7)->(9 7) 5 0 0 0 #timing (959 917) ps polarity 1
net 2: (9 7)->(9 15) 5 1 0 1 #timing (1309 1277) ps  polarity 0
net 2: (9 15)->(9 13) 1 1 0 1 #timing (1534 1520) ps  polarity 1
net 2: (9 13)->(9 13) 0 0 0 1 #timing (1614 1650) ps  polarity 0
net 2: (9 15)->(13 15) 4 2 0 1 #timing (1668 1584) ps  polarity 0
net 2: (13 15)->(13 11) 3 1 0 1 #timing (1998 1841) ps  polarity 0
net 2: (13 11)->(13 9) 1 1 0 1 #timing (2134 1971) ps  polarity 1
net 2: (13 9)->(12 9) 0 2 0 1 #timing (2115 2279) ps  polarity 0
net 2: (13 11)->(15 11) 1 2 0 1 #timing (2148 1977) ps  polarity 1
net 2: (15 11)->(14 11) 0 2 0 1 #timing (2121 2292) ps  polarity 0
net 2: (9 7)->(9 23) 13 1 0 0 #timing (1557 1474) ps polarity 0
net 2: (9 23)->(9 23) 5 0 0 1 #timing (1848 1778) ps  polarity 0
net 2: (9 23)->(13 23) 4 2 0 1 #timing (2207 2082) ps  polarity 1
net 2: (13 23)->(13 27) 3 4 0 1 #timing (2492 2317) ps  polarity 1
net 2: (13 27)->(13 27) 1 0 1 1 #timing (2591 2419) ps  polarity 0
net 2: (13 27)->(13 27) 0 0 0 1 #timing (2520 2693) ps  polarity 1
net 2: (13 27)->(12 27) 0 2 0 1 #timing (2541 2705) ps  polarity 1
net 4: (24 0)->(24 0) 0 0 0 0 #timing (1 1) ps polarity 1
net 4: (24 0)->(26 2) 1 3 0 0 #timing (154 134) ps polarity 0
net 4: (26 2)->(26 2) 5 0 1 0 #timing (260 327) ps polarity 1
net 4: (26 2)->(11 2) 13 2 1 0 #timing (948 766) ps polarity 0
net 4: (11 2)->(11 2) 5 0 0 1 #timing (1218 1048) ps  polarity 0
net 4: (11 2)->(7 2) 4 5 0 1 #timing (1721 1444) ps  polarity 1
net 4: (7 2)->(7 0) 1 1 0 1 #timing (1955 1641) ps  polarity 0
net 4: (7 0)->(6 0) 0 2 0 1 #timing (1736 2071) ps  polarity 1
net 7: (11 8)->(11 9) 0 1 0 0 #timing (174 174) ps polarity 1
net 7: (11 9)->(9 11) 1 3 0 0 #timing (349 316) ps polarity 0
net 7: (9 11)->(9 15) 3 1 0 0 #timing (664 682) ps polarity 0
net 7: (9 15)->(9 15) 1 0 1 1 #timing (886 867) ps  polarity 1
net 7: (9 15)->(9 15) 0 0 0 1 #timing (951 977) ps  polarity 0
net 7: (9 15)->(8 14) 0 3 0 1 #timing (968 987) ps  polarity 0
net 7: (9 15)->(13 15) 4 2 0 0 #timing (1011 990) ps polarity 0
net 7: (13 15)->(13 15) 1 0 1 1 #timing (1204 1194) ps  polarity 1
net 7: (13 15)->(13 15) 0 0 0 1 #timing (1295 1306) ps  polarity 0
net 7: (13 15)->(13 15) 5 0 0 0 #timing (1140 1138) ps polarity 1
net 7: (13 15)->(13 30) 13 1 1 0 #timing (1708 1604) ps polarity 0
net 7: (13 30)->(13 30) 5 0 0 1 #timing (1937 1846) ps  polarity 0
net 7: (13 30)->(13 26) 3 1 0 1 #timing (2348 2159) ps  polarity 1
net 7: (13 26)->(13 26) 1 0 1 1 #timing (2446 2261) ps  polarity 0
net 7: (13 26)->(13 27) 0 1 0 1 #timing (2409 2572) ps  polarity 1
net 8: (14 12)->(14 12) 0 0 0 0 #timing (704 704) ps polarity 1
net 8: (14 12)->(12 14) 1 3 0 0 #timing (853 828) ps polarity 0
net 8: (12 14)->(12 10) 3 1 0 1 #timing (1368 1225) ps  polarity 0
net 8: (12 10)->(14 10) 1 2 0 1 #timing (1510 1359) ps  polarity 1
net 8: (14 10)->(14 11) 0 1 0 1 #timing (1472 1647) ps  polarity 0
net 8: (14 12)->(15 13) 0 3 0 0 #timing (675 675) ps polarity 1
net 8: (15 13)->(13 13) 1 2 0 0 #timing (826 809) ps polarity 0
net 8: (13 13)->(13 9) 3 1 0 0 #timing (1101 1094) ps polarity 0
net 8: (13 9)->(9 9) 4 2 0 0 #timing (1431 1394) ps polarity 0
net 8: (9 9)->(9 11) 1 1 0 1 #timing (1647 1644) ps  polarity 1
net 8: (9 11)->(9 10) 0 1 0 1 #timing (1763 1780) ps  polarity 0
net 9: (13 27)->(12 26) 0 3 0 0 #timing (703 703) ps polarity 1
net 9: (12 26)->(14 24) 1 3 0 0 #timing (898 858) ps polarity 0
net 9: (14 24)->(12 26) 1 3 0 1 #timing (1215 1128) ps  polarity 1
net 9: (12 26)->(13 27) 0 3 0 1 #timing (1261 1372) ps  polarity 0
net 9: (14 24)->(14 24) 5 0 0 0 #timing (981 1068) ps polarity 1
net 9: (14 24)->(6 16) 5 3 0 1 #timing (1572 1659) ps  polarity 1
net 9: (6 16)->(10 16) 4 5 0 1 #timing (2015 1895) ps  polarity 0
net 9: (10 16)->(10 12) 3 4 0 1 #timing (2340 2149) ps  polarity 0
net 9: (10 12)->(8 12) 1 2 0 1 #timing (2452 2262) ps  polarity 1
net 9: (8 12)->(9 12) 0 2 0 1 #timing (2362 2561) ps  polarity 0
net 10: (12 27)->(12 27) 0 0 0 0 #timing (726 726) ps polarity 1
net 10: (12 27)->(12 27) 1 0 0 0 #timing (797 803) ps polarity 0
net 10: (12 27)->(12 27) 1 0 1 1 #timing (1002 974) ps  polarity 1
net 10: (12 27)->(12 27) 0 0 0 1 #timing (1087 1110) ps  polarity 0
net 10: (12 27)->(12 27) 5 0 0 0 #timing (905 915) ps polarity 1
net 10: (12 27)->(12 11) 13 1 0 0 #timing (1521 1397) ps polarity 0
net 10: (12 11)->(12 11) 5 0 0 1 #timing (1753 1640) ps  polarity 0
net 10: (12 11)->(8 11) 4 2 0 1 #timing (2035 1899) ps  polarity 1
net 10: (8 11)->(8 11) 1 0 1 1 #timing (2220 2062) ps  polarity 0
net 10: (8 11)->(9 10) 0 3 0 1 #timing (2194 2338) ps  polarity 1
net 11: (12 15)->(13 15) 0 2 0 0 #timing (738 738) ps polarity 1
net 11: (13 15)->(13 13) 1 1 0 0 #timing (864 851) ps polarity 0
net 11: (13 13)->(13 15) 1 1 0 1 #timing (1127 1073) ps  polarity 1
net 11: (13 15)->(12 15) 0 2 0 1 #timing (1216 1275) ps  polarity 0
net 11: (13 13)->(9 13) 4 2 0 0 #timing (1157 1156) ps polarity 0
net 11: (9 13)->(9 13) 1 0 1 1 #timing (1372 1342) ps  polarity 1
net 11: (9 13)->(8 12) 0 3 0 1 #timing (1494 1499) ps  polarity 0
net 12: (9 13)->(9 13) 0 0 0 0 #timing (637 637) ps polarity 1
net 12: (9 13)->(9 13) 1 0 0 0 #timing (721 724) ps polarity 0
net 12: (9 13)->(9 15) 1 1 0 1 #timing (972 926) ps  polarity 1
net 12: (9 15)->(9 14) 0 1 0 1 #timing (1037 1099) ps  polarity 0
net 12: (9 13)->(9 15) 1 1 0 0 #timing (752 747) ps polarity 0
net 12: (9 15)->(9 11) 3 1 0 0 #timing (1095 1050) ps polarity 0
net 12: (9 11)->(9 11) 1 0 0 1 #timing (1315 1234) ps  polarity 1
net 12: (9 11)->(9 11) 0 0 0 1 #timing (1340 1419) ps  polarity 0
net 12: (9 11)->(8 10) 0 3 0 1 #timing (1320 1407) ps  polarity 0
net 13: (8 13)->(8 12) 0 1 0 0 #timing (770 770) ps polarity 1
net 13: (8 12)->(8 12) 1 0 0 0 #timing (871 870) ps polarity 0
net 13: (8 12)->(8 14) 1 1 0 1 #timing (1123 1074) ps  polarity 1
net 13: (8 14)->(8 14) 0 0 0 1 #timing (1230 1281) ps  polarity 0
net 13: (8 12)->(8 16) 3 4 0 0 #timing (1283 1184) ps polarity 0
net 13: (8 16)->(8 16) 5 0 0 0 #timing (1410 1324) ps polarity 1
net 13: (8 16)->(8 1) 13 1 1 0 #timing (1949 1915) ps polarity 0
net 13: (8 1)->(8 9) 5 1 0 1 #timing (2381 2328) ps  polarity 1
net 13: (8 9)->(8 11) 1 1 0 1 #timing (2587 2588) ps  polarity 0
net 13: (8 11)->(8 10) 0 1 0 1 #timing (2718 2726) ps  polarity 1
net 13: (8 13)->(9 12) 0 3 0 0 #timing (762 762) ps polarity 1
net 13: (9 12)->(9 14) 1 1 0 0 #timing (888 879) ps polarity 0
net 13: (9 14)->(9 10) 3 1 0 0 #timing (1219 1194) ps polarity 0
net 13: (9 10)->(9 10) 1 0 1 1 #timing (1440 1378) ps  polarity 1
net 13: (9 10)->(9 11) 0 1 0 1 #timing (1473 1536) ps  polarity 0
net 14: (9 15)->(8 14) 0 3 0 0 #timing (831 831) ps polarity 1
net 14: (8 14)->(10 12) 1 3 0 0 #timing (1016 981) ps polarity 0
net 14: (10 12)->(8 14) 1 3 0 1 #timing (1297 1219) ps  polarity 1
net 14: (8 14)->(9 15) 0 3 0 1 #timing (1356 1450) ps  polarity 0
net 14: (10 12)->(10 8) 3 1 0 0 #timing (1293 1295) ps polarity 0
net 14: (10 8)->(8 10) 1 3 0 1 #timing (1554 1507) ps  polarity 1
net 14: (8 10)->(9 10) 0 2 0 1 #timing (1662 1716) ps  polarity 0
net 15: (13 15)->(12 14) 0 3 0 0 #timing (702 702) ps polarity 1
net 15: (12 14)->(14 14) 1 2 0 0 #timing (848 829) ps polarity 0
net 15: (14 14)->(12 14) 1 2 0 1 #timing (1117 1065) ps  polarity 1
net 15: (12 14)->(13 15) 0 3 0 1 #timing (1189 1252) ps  polarity 0
net 15: (14 14)->(14 10) 3 1 0 0 #timing (1138 1130) ps polarity 0
net 15: (14 10)->(18 10) 4 5 0 0 #timing (1435 1404) ps polarity 0
net 15: (18 10)->(18 10) 5 0 1 0 #timing (1562 1545) ps polarity 1
net 15: (18 10)->(3 10) 13 2 1 0 #timing (2157 2065) ps polarity 0
net 15: (3 10)->(11 10) 5 2 0 1 #timing (2697 2572) ps  polarity 1
net 15: (11 10)->(9 10) 1 2 0 1 #timing (2818 2899) ps  polarity 0
net 15: (9 10)->(9 10) 0 0 0 1 #timing (3063 2983) ps  polarity 1
net 16: (8 12)->(8 12) 0 0 0 0 #timing (706 706) ps polarity 1
net 16: (8 12)->(10 14) 1 3 0 0 #timing (849 830) ps polarity 0
net 16: (10 14)->(10 10) 3 1 0 1 #timing (1383 1230) ps  polarity 0
net 16: (10 10)->(8 10) 1 2 0 1 #timing (1498 1345) ps  polarity 1
net 16: (8 10)->(9 11) 0 3 0 1 #timing (1491 1631) ps  polarity 0
net 17: (12 12)->(12 12) 0 0 0 0 #timing (704 704) ps polarity 1
net 17: (12 12)->(12 14) 1 1 0 0 #timing (806 802) ps polarity 0
net 17: (12 14)->(8 14) 4 2 0 1 #timing (1154 1110) ps  polarity 0
net 17: (8 14)->(8 14) 1 0 1 1 #timing (1340 1274) ps  polarity 1
net 17: (8 14)->(8 15) 0 1 0 1 #timing (1386 1447) ps  polarity 0
net 17: (12 12)->(14 14) 1 3 0 0 #timing (858 831) ps polarity 0
net 17: (14 14)->(14 18) 3 4 0 1 #timing (1317 1204) ps  polarity 0
net 17: (14 18)->(12 16) 1 3 0 1 #timing (1499 1361) ps  polarity 1
net 17: (12 16)->(13 17) 0 3 0 1 #timing (1495 1658) ps  polarity 0
net 17: (12 12)->(13 13) 0 3 0 0 #timing (674 674) ps polarity 1
net 17: (13 13)->(15 13) 1 2 0 0 #timing (819 803) ps polarity 0
net 17: (15 13)->(11 13) 4 2 0 0 #timing (1078 1092) ps polarity 0
net 17: (11 13)->(11 13) 1 0 1 1 #timing (1303 1262) ps  polarity 1
net 17: (11 13)->(10 13) 0 2 0 1 #timing (1394 1422) ps  polarity 0
net 18: (10 13)->(10 13) 0 0 0 0 #timing (680 680) ps polarity 1
net 18: (10 13)->(10 15) 1 1 0 0 #timing (783 780) ps polarity 0
net 18: (10 15)->(8 15) 1 2 0 1 #timing (1024 993) ps  polarity 1
net 18: (8 15)->(8 15) 0 0 0 1 #timing (1112 1146) ps  polarity 0
net 18: (10 13)->(8 13) 1 2 0 0 #timing (795 787) ps polarity 0
net 18: (8 13)->(12 13) 4 2 0 1 #timing (1163 1109) ps  polarity 0
net 18: (12 13)->(12 17) 3 4 0 1 #timing (1440 1331) ps  polarity 0
net 18: (12 17)->(12 17) 1 0 1 1 #timing (1535 1431) ps  polarity 1
net 18: (12 17)->(12 17) 0 0 0 1 #timing (1556 1651) ps  polarity 0
net 18: (10 13)->(10 12) 0 1 0 0 #timing (700 700) ps polarity 1
net 18: (10 12)->(10 12) 1 0 0 0 #timing (793 795) ps polarity 0
net 18: (10 12)->(10 12) 1 0 1 1 #timing (998 966) ps  polarity 1
net 18: (10 12)->(11 12) 0 2 0 1 #timing (1061 1095) ps  polarity 0
net 18: (10 12)->(11 13) 0 3 0 1 #timing (1087 1111) ps  polarity 0
net 19: (14 13)->(14 12) 0 1 0 0 #timing (701 700) ps polarity 1
net 19: (14 12)->(14 12) 1 0 0 0 #timing (787 791) ps polarity 0
net 19: (14 12)->(14 8) 3 1 0 0 #timing (1043 1002) ps polarity 0
net 19: (14 8)->(10 8) 4 2 0 0 #timing (1346 1271) ps polarity 0
net 19: (10 8)->(10 10) 1 1 0 1 #timing (1526 1560) ps  polarity 1
net 19: (10 10)->(10 11) 0 1 0 1 #timing (1693 1668) ps  polarity 0
net 19: (14 12)->(14 14) 1 1 0 0 #timing (818 814) ps polarity 0
net 19: (14 14)->(14 14) 1 0 0 1 #timing (1037 1007) ps  polarity 1
net 19: (14 14)->(14 15) 0 1 0 1 #timing (1125 1148) ps  polarity 0
net 19: (14 13)->(15 13) 0 2 0 0 #timing (688 688) ps polarity 1
net 19: (15 13)->(15 13) 1 0 0 0 #timing (767 763) ps polarity 0
net 19: (15 13)->(15 17) 3 4 0 0 #timing (1038 996) ps polarity 0
net 19: (15 17)->(13 17) 1 2 0 1 #timing (1287 1200) ps  polarity 1
net 19: (13 17)->(13 16) 0 1 0 1 #timing (1335 1440) ps  polarity 0
net 19: (15 13)->(19 13) 4 5 0 0 #timing (1098 1046) ps polarity 0
net 19: (19 13)->(17 15) 1 3 0 1 #timing (1316 1317) ps  polarity 1
net 19: (17 15)->(17 14) 0 1 0 1 #timing (1471 1492) ps  polarity 0
net 20: (15 15)->(15 15) 0 0 0 0 #timing (686 686) ps polarity 1
net 20: (15 15)->(13 15) 1 2 0 0 #timing (813 800) ps polarity 0
net 20: (13 15)->(9 15) 4 2 0 0 #timing (1082 1099) ps polarity 0
net 20: (9 15)->(9 15) 1 0 0 1 #timing (1312 1266) ps  polarity 1
net 20: (9 15)->(8 15) 0 2 0 1 #timing (1346 1400) ps  polarity 0
net 20: (15 15)->(15 14) 0 1 0 0 #timing (700 700) ps polarity 1
net 20: (15 14)->(15 14) 1 0 0 0 #timing (782 781) ps polarity 0
net 20: (15 14)->(15 14) 1 0 0 1 #timing (986 953) ps  polarity 1
net 20: (15 14)->(14 15) 0 3 0 1 #timing (1096 1109) ps  polarity 0
net 20: (15 14)->(15 18) 3 4 0 1 #timing (1171 1081) ps  polarity 0
net 20: (15 18)->(13 16) 1 3 0 1 #timing (1337 1228) ps  polarity 1
net 20: (13 16)->(12 16) 0 2 0 1 #timing (1384 1513) ps  polarity 0
net 20: (15 15)->(14 14) 0 3 0 0 #timing (702 703) ps polarity 1
net 20: (14 14)->(12 14) 1 2 0 0 #timing (848 829) ps polarity 0
net 20: (12 14)->(16 14) 4 5 0 0 #timing (1108 1128) ps polarity 0
net 20: (16 14)->(16 14) 1 0 1 1 #timing (1326 1278) ps  polarity 1
net 20: (16 14)->(17 14) 0 2 0 1 #timing (1418 1450) ps  polarity 0
net 21: (15 14)->(15 14) 0 0 0 0 #timing (162 162) ps polarity 1
net 21: (15 14)->(13 14) 1 2 0 0 #timing (291 276) ps polarity 0
net 21: (13 14)->(13 14) 1 0 0 1 #timing (510 473) ps  polarity 1
net 21: (13 14)->(13 15) 0 1 0 1 #timing (618 634) ps  polarity 0
net 21: (15 14)->(15 15) 0 1 0 0 #timing (174 174) ps polarity 1
net 21: (15 15)->(15 15) 1 0 0 0 #timing (257 258) ps polarity 0
net 21: (15 15)->(15 15) 1 0 1 1 #timing (459 427) ps  polarity 1
net 21: (15 15)->(14 15) 0 2 0 1 #timing (549 573) ps  polarity 0
net 21: (15 14)->(14 14) 0 2 0 0 #timing (173 173) ps polarity 1
net 21: (14 14)->(14 12) 1 1 0 0 #timing (306 290) ps polarity 0
net 21: (14 12)->(18 12) 4 5 0 0 #timing (560 569) ps polarity 0
net 21: (18 12)->(16 12) 1 2 0 1 #timing (819 769) ps  polarity 1
net 21: (16 12)->(17 13) 0 3 0 1 #timing (889 949) ps  polarity 0
net 22: (15 13)->(15 12) 0 1 0 0 #timing (719 719) ps polarity 1
net 22: (15 12)->(13 14) 1 3 0 0 #timing (875 852) ps polarity 0
net 22: (13 14)->(13 14) 1 0 1 1 #timing (1115 1076) ps  polarity 1
net 22: (13 14)->(12 15) 0 3 0 1 #timing (1219 1238) ps  polarity 0
net 22: (15 13)->(14 13) 0 2 0 0 #timing (712 712) ps polarity 1
net 22: (14 13)->(14 13) 1 0 0 0 #timing (792 795) ps polarity 0
net 22: (14 13)->(14 15) 1 1 0 1 #timing (1039 996) ps  polarity 1
net 22: (14 15)->(14 15) 0 0 0 1 #timing (1142 1185) ps  polarity 0
net 22: (14 13)->(14 9) 3 1 0 0 #timing (1087 1025) ps polarity 0
net 22: (14 9)->(10 9) 4 2 0 0 #timing (1406 1305) ps polarity 0
net 22: (10 9)->(10 11) 1 1 0 1 #timing (1560 1621) ps  polarity 1
net 22: (10 11)->(10 11) 0 0 0 1 #timing (1747 1698) ps  polarity 0
net 22: (14 13)->(18 13) 4 5 0 0 #timing (1084 1046) ps polarity 0
net 22: (18 13)->(16 15) 1 3 0 1 #timing (1327 1308) ps  polarity 1
net 22: (16 15)->(17 14) 0 3 0 1 #timing (1445 1490) ps  polarity 0
net 23: (17 15)->(17 15) 0 0 0 0 #timing (686 686) ps polarity 1
net 23: (17 15)->(17 15) 1 0 0 0 #timing (760 765) ps polarity 0
net 23: (17 15)->(13 15) 4 5 0 0 #timing (1047 1002) ps polarity 0
net 23: (13 15)->(13 15) 1 0 0 1 #timing (1208 1225) ps  polarity 1
net 23: (13 15)->(13 14) 0 1 0 1 #timing (1338 1316) ps  polarity 0
net 23: (13 15)->(15 13) 1 3 0 1 #timing (1299 1284) ps  polarity 1
net 23: (15 13)->(14 13) 0 2 0 1 #timing (1427 1463) ps  polarity 0
net 23: (17 15)->(16 15) 0 2 0 0 #timing (692 692) ps polarity 1
net 23: (16 15)->(16 15) 1 0 0 0 #timing (771 775) ps polarity 0
net 23: (16 15)->(16 13) 1 1 0 1 #timing (1021 979) ps  polarity 1
net 23: (16 13)->(16 13) 0 0 0 1 #timing (1103 1154) ps  polarity 0
net 24: (16 15)->(16 15) 0 0 0 0 #timing (726 726) ps polarity 1
net 24: (16 15)->(18 13) 1 3 0 0 #timing (900 865) ps polarity 0
net 24: (18 13)->(14 13) 4 5 0 0 #timing (1218 1230) ps polarity 0
net 24: (14 13)->(12 15) 1 3 0 1 #timing (1516 1450) ps  polarity 1
net 24: (12 15)->(12 14) 0 1 0 1 #timing (1613 1700) ps  polarity 0
net 24: (16 15)->(17 14) 0 3 0 0 #timing (743 743) ps polarity 1
net 24: (17 14)->(17 14) 1 0 0 0 #timing (830 830) ps polarity 0
net 24: (17 14)->(17 14) 1 0 0 1 #timing (1033 1001) ps  polarity 1
net 24: (17 14)->(17 14) 0 0 0 1 #timing (1134 1152) ps  polarity 0
net 24: (17 14)->(16 14) 0 2 0 1 #timing (1121 1145) ps  polarity 0
net 24: (17 14)->(13 14) 4 5 0 0 #timing (1105 1070) ps polarity 0
net 24: (13 14)->(15 12) 1 3 0 1 #timing (1354 1336) ps  polarity 1
net 24: (15 12)->(15 13) 0 1 0 1 #timing (1503 1529) ps  polarity 0
net 25: (12 11)->(12 10) 0 1 0 0 #timing (174 174) ps polarity 1
net 25: (12 10)->(14 10) 1 2 0 0 #timing (309 290) ps polarity 0
net 25: (14 10)->(14 10) 1 0 1 1 #timing (532 492) ps  polarity 1
net 25: (14 10)->(15 11) 0 3 0 1 #timing (633 656) ps  polarity 0
net 25: (12 10)->(14 8) 1 3 0 0 #timing (355 313) ps polarity 0
net 25: (14 8)->(14 4) 3 4 0 0 #timing (605 641) ps polarity 0
net 25: (14 4)->(14 4) 5 0 1 0 #timing (731 781) ps polarity 1
net 25: (14 4)->(14 21) 13 1 1 0 #timing (1436 1263) ps polarity 0
net 25: (14 21)->(14 21) 5 0 1 1 #timing (1664 1503) ps  polarity 0
net 25: (14 21)->(12 23) 1 3 0 1 #timing (1895 1700) ps  polarity 0
net 25: (12 23)->(13 23) 0 2 0 1 #timing (1835 2055) ps  polarity 1
net 26: (12 10)->(13 10) 0 2 0 0 #timing (658 658) ps polarity 1
net 26: (13 10)->(15 10) 1 2 0 0 #timing (788 775) ps polarity 0
net 26: (15 10)->(15 10) 1 0 1 1 #timing (1007 971) ps  polarity 1
net 26: (15 10)->(15 11) 0 1 0 1 #timing (1136 1142) ps  polarity 0
net 26: (13 10)->(15 8) 1 3 0 0 #timing (827 794) ps polarity 0
net 26: (15 8)->(15 4) 3 4 0 0 #timing (1079 1103) ps polarity 0
net 26: (15 4)->(15 4) 5 0 1 0 #timing (1206 1246) ps polarity 1
net 26: (15 4)->(15 21) 13 1 1 0 #timing (1913 1748) ps polarity 0
net 26: (15 21)->(15 21) 5 0 1 1 #timing (2140 1986) ps  polarity 0
net 26: (15 21)->(13 23) 1 3 0 1 #timing (2353 2172) ps  polarity 0
net 26: (13 23)->(12 23) 0 2 0 1 #timing (2328 2537) ps  polarity 1
net 27: (13 11)->(12 10) 0 3 0 0 #timing (202 202) ps polarity 1
net 27: (12 10)->(12 10) 1 0 0 0 #timing (284 285) ps polarity 0
net 27: (12 10)->(12 14) 3 1 0 0 #timing (561 509) ps polarity 0
net 27: (12 14)->(14 12) 1 3 0 1 #timing (853 740) ps  polarity 1
net 27: (14 12)->(14 12) 0 0 0 1 #timing (868 1011) ps  polarity 0
net 27: (12 10)->(12 6) 3 4 0 0 #timing (541 502) ps polarity 0
net 27: (12 6)->(12 6) 5 0 0 0 #timing (672 644) ps polarity 1
net 27: (12 6)->(12 22) 13 1 0 0 #timing (1245 1160) ps polarity 0
net 27: (12 22)->(12 22) 5 0 1 1 #timing (1469 1395) ps  polarity 0
net 27: (12 22)->(12 22) 1 0 1 1 #timing (1610 1534) ps  polarity 0
net 27: (12 22)->(13 22) 0 2 0 1 #timing (1654 1721) ps  polarity 1
net 28: (13 10)->(13 10) 0 0 0 0 #timing (637 637) ps polarity 1
net 28: (13 10)->(13 10) 1 0 0 0 #timing (708 714) ps polarity 0
net 28: (13 10)->(13 6) 3 4 0 0 #timing (978 928) ps polarity 0
net 28: (13 6)->(13 6) 5 0 1 0 #timing (1114 1074) ps polarity 1
net 28: (13 6)->(13 23) 13 1 1 0 #timing (1715 1633) ps polarity 0
net 28: (13 23)->(13 23) 5 0 1 1 #timing (1939 1870) ps  polarity 0
net 28: (13 23)->(13 23) 1 0 1 1 #timing (2082 2010) ps  polarity 0
net 28: (13 23)->(12 22) 0 3 0 1 #timing (2134 2195) ps  polarity 1
net 28: (13 10)->(12 11) 0 3 0 0 #timing (653 653) ps polarity 1
net 28: (12 11)->(14 9) 1 3 0 0 #timing (830 801) ps polarity 0
net 28: (14 9)->(14 13) 3 1 0 1 #timing (1246 1142) ps  polarity 0
net 28: (14 13)->(14 13) 1 0 0 1 #timing (1348 1248) ps  polarity 1
net 28: (14 13)->(15 12) 0 3 0 1 #timing (1371 1461) ps  polarity 0
net 29: (11 13)->(11 12) 0 1 0 0 #timing (719 719) ps polarity 1
net 29: (11 12)->(11 14) 1 1 0 0 #timing (839 833) ps polarity 0
net 29: (11 14)->(11 14) 1 0 0 1 #timing (1068 1036) ps  polarity 1
net 29: (11 14)->(10 15) 0 3 0 1 #timing (1179 1191) ps  polarity 0
net 29: (11 14)->(11 10) 3 1 0 0 #timing (1137 1111) ps polarity 0
net 29: (11 10)->(11 10) 1 0 1 1 #timing (1346 1287) ps  polarity 1
net 29: (11 10)->(11 11) 0 1 0 1 #timing (1452 1481) ps  polarity 0
net 29: (11 13)->(10 13) 0 2 0 0 #timing (712 712) ps polarity 1
net 29: (10 13)->(10 13) 1 0 0 0 #timing (792 795) ps polarity 0
net 29: (10 13)->(10 17) 3 4 0 0 #timing (1077 1026) ps polarity 0
net 29: (10 17)->(14 17) 4 2 0 1 #timing (1466 1342) ps  polarity 0
net 29: (14 17)->(14 21) 3 1 0 1 #timing (1733 1561) ps  polarity 0
net 29: (14 21)->(12 21) 1 2 0 1 #timing (1895 1704) ps  polarity 1
net 29: (12 21)->(13 21) 0 2 0 1 #timing (1823 2024) ps  polarity 0
net 30: (11 14)->(11 14) 0 0 0 0 #timing (162 162) ps polarity 1
net 30: (11 14)->(11 14) 1 0 0 0 #timing (238 240) ps polarity 0
net 30: (11 14)->(11 18) 3 4 0 0 #timing (524 472) ps polarity 0
net 30: (11 18)->(15 18) 4 2 0 1 #timing (913 787) ps  polarity 0
net 30: (15 18)->(15 22) 3 1 0 1 #timing (1225 1037) ps  polarity 0
net 30: (15 22)->(13 20) 1 3 0 1 #timing (1397 1190) ps  polarity 1
net 30: (13 20)->(12 21) 0 3 0 1 #timing (1373 1583) ps  polarity 0
net 30: (11 14)->(10 14) 0 2 0 0 #timing (173 173) ps polarity 1
net 30: (10 14)->(8 14) 1 2 0 0 #timing (318 296) ps polarity 0
net 30: (8 14)->(10 14) 1 2 0 1 #timing (552 498) ps  polarity 1
net 30: (10 14)->(10 15) 0 1 0 1 #timing (614 669) ps  polarity 0
net 30: (8 14)->(8 10) 3 1 0 0 #timing (597 574) ps polarity 0
net 30: (8 10)->(10 10) 1 2 0 1 #timing (825 763) ps  polarity 1
net 30: (10 10)->(11 11) 0 3 0 1 #timing (894 953) ps  polarity 0
net 31: (11 15)->(11 15) 0 0 0 0 #timing (686 686) ps polarity 1
net 31: (11 15)->(11 15) 1 0 0 0 #timing (760 765) ps polarity 0
net 31: (11 15)->(11 15) 1 0 0 1 #timing (965 936) ps  polarity 1
net 31: (11 15)->(10 15) 0 2 0 1 #timing (1059 1080) ps  polarity 0
net 31: (11 15)->(11 11) 3 1 0 1 #timing (1174 1077) ps  polarity 0
net 31: (11 11)->(11 11) 1 0 0 1 #timing (1269 1178) ps  polarity 1
net 31: (11 11)->(11 11) 0 0 0 1 #timing (1304 1385) ps  polarity 0
net 31: (11 15)->(11 19) 3 4 0 0 #timing (1054 994) ps polarity 0
net 31: (11 19)->(15 19) 4 2 0 1 #timing (1455 1314) ps  polarity 0
net 31: (15 19)->(15 23) 3 1 0 1 #timing (1734 1541) ps  polarity 0
net 31: (15 23)->(13 21) 1 3 0 1 #timing (1916 1698) ps  polarity 1
net 31: (13 21)->(13 20) 0 1 0 1 #timing (1843 2086) ps  polarity 0
net 31: (11 15)->(11 14) 0 1 0 0 #timing (700 700) ps polarity 1
net 31: (11 14)->(9 14) 1 2 0 0 #timing (853 825) ps polarity 0
net 31: (9 14)->(9 14) 1 0 1 1 #timing (1076 1026) ps  polarity 1
net 31: (9 14)->(8 15) 0 3 0 1 #timing (1111 1165) ps  polarity 0
net 32: (11 14)->(10 15) 0 3 0 0 #timing (204 204) ps polarity 1
net 32: (10 15)->(10 15) 1 0 0 0 #timing (288 289) ps polarity 0
net 32: (10 15)->(10 15) 1 0 0 1 #timing (494 460) ps  polarity 1
net 32: (10 15)->(10 15) 0 0 0 1 #timing (574 604) ps  polarity 0
net 32: (10 15)->(10 11) 3 1 0 0 #timing (554 506) ps polarity 0
net 32: (10 11)->(10 11) 1 0 0 1 #timing (770 686) ps  polarity 1
net 32: (10 11)->(11 11) 0 2 0 1 #timing (822 891) ps  polarity 0
net 32: (10 15)->(8 13) 1 3 0 0 #timing (397 349) ps polarity 0
net 32: (8 13)->(8 17) 3 4 0 0 #timing (695 705) ps polarity 0
net 32: (8 17)->(12 17) 4 2 0 1 #timing (1035 990) ps  polarity 0
net 32: (12 17)->(12 21) 3 1 0 1 #timing (1315 1219) ps  polarity 0
net 32: (12 21)->(12 21) 1 0 0 1 #timing (1419 1325) ps  polarity 1
net 32: (12 21)->(12 20) 0 1 0 1 #timing (1450 1534) ps  polarity 0
net 33: (13 11)->(12 11) 0 2 0 0 #timing (172 172) ps polarity 1
net 33: (12 11)->(12 11) 1 0 0 0 #timing (254 254) ps polarity 0
net 33: (12 11)->(14 11) 1 2 0 1 #timing (510 460) ps  polarity 1
net 33: (14 11)->(15 11) 0 2 0 1 #timing (608 660) ps  polarity 0
net 33: (12 11)->(16 11) 4 5 0 0 #timing (535 502) ps polarity 0
net 33: (16 11)->(16 11) 5 0 1 0 #timing (662 643) ps polarity 1
net 33: (16 11)->(16 26) 13 1 1 0 #timing (1234 1141) ps polarity 0
net 33: (16 26)->(16 26) 5 0 1 1 #timing (1456 1376) ps  polarity 0
net 33: (16 26)->(12 26) 4 5 0 1 #timing (1808 1673) ps  polarity 1
net 33: (12 26)->(12 26) 1 0 0 1 #timing (1998 1838) ps  polarity 0
net 33: (12 26)->(13 26) 0 2 0 1 #timing (1978 2122) ps  polarity 1
net 34: (13 12)->(13 13) 0 1 0 0 #timing (690 690) ps polarity 1
net 34: (13 13)->(15 15) 1 3 0 0 #timing (852 824) ps polarity 0
net 34: (15 15)->(15 11) 3 1 0 0 #timing (1124 1140) ps polarity 0
net 34: (15 11)->(15 11) 1 0 1 1 #timing (1336 1317) ps  polarity 1
net 34: (15 11)->(15 11) 0 0 0 1 #timing (1441 1451) ps  polarity 0
net 34: (15 15)->(15 19) 3 4 0 0 #timing (1158 1166) ps polarity 0
net 34: (15 19)->(15 19) 5 0 1 0 #timing (1283 1305) ps polarity 1
net 34: (15 19)->(15 27) 5 1 0 1 #timing (1609 1637) ps  polarity 0
net 34: (15 27)->(13 27) 1 2 0 1 #timing (1885 1808) ps  polarity 1
net 34: (13 27)->(12 26) 0 3 0 1 #timing (1962 2047) ps  polarity 0
net 35: (10 9)->(10 9) 0 0 0 0 #timing (726 726) ps polarity 1
net 35: (10 9)->(8 9) 1 2 0 0 #timing (828 825) ps polarity 0
net 35: (8 9)->(12 9) 4 2 0 0 #timing (1085 1096) ps polarity 0
net 35: (12 9)->(12 9) 1 0 1 1 #timing (1299 1261) ps  polarity 1
net 35: (12 9)->(13 9) 0 2 0 1 #timing (1373 1407) ps  polarity 0
net 35: (12 9)->(12 9) 5 0 0 0 #timing (1202 1231) ps polarity 1
net 35: (12 9)->(12 24) 13 1 1 0 #timing (1867 1715) ps polarity 0
net 35: (12 24)->(12 24) 5 0 1 1 #timing (2090 1950) ps  polarity 0
net 35: (12 24)->(12 26) 1 1 0 1 #timing (2284 2126) ps  polarity 0
net 35: (12 26)->(12 27) 0 1 0 1 #timing (2283 2441) ps  polarity 1
net 35: (10 9)->(11 8) 0 3 0 0 #timing (743 743) ps polarity 1
net 35: (11 8)->(11 8) 1 0 0 0 #timing (831 831) ps polarity 0
net 35: (11 8)->(11 8) 1 0 1 1 #timing (1035 1002) ps  polarity 1
net 35: (11 8)->(11 9) 0 1 0 1 #timing (1151 1162) ps  polarity 0
net 36: (11 9)->(11 8) 0 1 0 0 #timing (700 700) ps polarity 1
net 36: (11 8)->(9 10) 1 3 0 0 #timing (871 836) ps polarity 0
net 36: (9 10)->(11 8) 1 3 0 1 #timing (1233 1143) ps  polarity 1
net 36: (11 8)->(10 8) 0 2 0 1 #timing (1246 1376) ps  polarity 0
net 36: (9 10)->(9 10) 5 0 0 0 #timing (977 1069) ps polarity 1
net 36: (9 10)->(9 26) 13 1 0 0 #timing (1730 1507) ps polarity 0
net 36: (9 26)->(9 26) 5 0 1 1 #timing (2042 1834) ps  polarity 0
net 36: (9 26)->(13 26) 4 2 0 1 #timing (2446 2163) ps  polarity 1
net 36: (13 26)->(13 26) 1 0 0 1 #timing (2644 2335) ps  polarity 0
net 36: (13 26)->(12 27) 0 3 0 1 #timing (2478 2767) ps  polarity 1
net 36: (11 9)->(10 8) 0 3 0 0 #timing (702 703) ps polarity 1
net 36: (10 8)->(8 8) 1 2 0 0 #timing (848 828) ps polarity 0
net 36: (8 8)->(12 8) 4 2 0 0 #timing (1098 1118) ps polarity 0
net 36: (12 8)->(12 8) 1 0 1 1 #timing (1320 1273) ps  polarity 1
net 36: (12 8)->(12 8) 0 0 0 1 #timing (1376 1420) ps  polarity 0
net 37: (11 7)->(11 6) 0 1 0 0 #timing (720 720) ps polarity 1
net 37: (11 6)->(9 4) 1 3 0 0 #timing (915 877) ps polarity 0
net 37: (9 4)->(9 8) 3 4 0 0 #timing (1195 1217) ps polarity 0
net 37: (9 8)->(11 8) 1 2 0 1 #timing (1489 1455) ps  polarity 1
net 37: (11 8)->(11 8) 0 0 0 1 #timing (1569 1632) ps  polarity 0
net 37: (9 8)->(9 12) 3 1 0 1 #timing (1665 1573) ps  polarity 0
net 37: (9 12)->(9 14) 1 1 0 1 #timing (1835 1732) ps  polarity 1
net 37: (9 14)->(9 15) 0 1 0 1 #timing (1864 1975) ps  polarity 0
net 37: (9 14)->(8 14) 0 2 0 1 #timing (1874 1982) ps  polarity 0
net 37: (9 8)->(13 8) 4 2 0 0 #timing (1551 1530) ps polarity 0
net 37: (13 8)->(15 10) 1 3 0 1 #timing (1849 1799) ps  polarity 1
net 37: (15 10)->(14 11) 0 3 0 1 #timing (1965 2025) ps  polarity 0
net 37: (13 8)->(13 8) 5 0 0 0 #timing (1684 1681) ps polarity 1
net 37: (13 8)->(13 24) 13 1 0 0 #timing (2295 2180) ps polarity 0
net 37: (13 24)->(13 24) 5 0 1 1 #timing (2523 2419) ps  polarity 0
net 37: (13 24)->(13 24) 1 0 1 1 #timing (2665 2559) ps  polarity 0
net 37: (13 24)->(13 25) 0 1 0 1 #timing (2688 2781) ps  polarity 1
net 37: (11 7)->(10 7) 0 2 0 0 #timing (712 712) ps polarity 1
net 37: (10 7)->(10 7) 1 0 0 0 #timing (791 795) ps polarity 0
net 37: (10 7)->(10 11) 3 4 0 0 #timing (1103 1036) ps polarity 0
net 37: (10 11)->(14 11) 4 2 0 0 #timing (1403 1317) ps polarity 0
net 37: (14 11)->(12 9) 1 3 0 1 #timing (1592 1630) ps  polarity 1
net 37: (12 9)->(13 8) 0 3 0 1 #timing (1779 1756) ps  polarity 0
net 38: (15 7)->(15 6) 0 1 0 0 #timing (719 719) ps polarity 1
net 38: (15 6)->(15 6) 1 0 0 0 #timing (806 809) ps polarity 0
net 38: (15 6)->(11 6) 4 2 0 0 #timing (1054 1026) ps polarity 0
net 38: (11 6)->(9 6) 1 2 0 1 #timing (1299 1283) ps  polarity 1
net 38: (9 6)->(8 7) 0 3 0 1 #timing (1447 1466) ps  polarity 0
net 38: (15 6)->(15 4) 1 1 0 0 #timing (848 839) ps polarity 0
net 38: (15 4)->(15 8) 3 4 0 0 #timing (1109 1095) ps polarity 0
net 38: (15 8)->(15 8) 1 0 1 1 #timing (1318 1272) ps  polarity 1
net 38: (15 8)->(15 9) 0 1 0 1 #timing (1419 1444) ps  polarity 0
net 38: (15 8)->(14 8) 0 2 0 1 #timing (1393 1430) ps  polarity 0
net 38: (15 8)->(14 9) 0 3 0 1 #timing (1414 1440) ps  polarity 0
net 38: (15 8)->(11 8) 4 2 0 0 #timing (1382 1348) ps polarity 0
net 38: (11 8)->(11 10) 1 1 0 1 #timing (1602 1594) ps  polarity 1
net 38: (11 10)->(10 10) 0 2 0 1 #timing (1727 1742) ps  polarity 0
net 38: (15 7)->(14 7) 0 2 0 0 #timing (712 712) ps polarity 1
net 38: (14 7)->(14 7) 1 0 0 0 #timing (791 794) ps polarity 0
net 38: (14 7)->(10 7) 4 2 0 0 #timing (1081 1036) ps polarity 0
net 38: (10 7)->(8 7) 1 2 0 1 #timing (1286 1290) ps  polarity 1
net 38: (8 7)->(9 7) 0 2 0 1 #timing (1393 1398) ps  polarity 0
net 38: (15 7)->(14 6) 0 3 0 0 #timing (723 723) ps polarity 1
net 38: (14 6)->(14 6) 1 0 0 0 #timing (817 819) ps polarity 0
net 38: (14 6)->(14 10) 3 4 0 1 #timing (1199 1116) ps  polarity 0
net 38: (14 10)->(12 8) 1 3 0 1 #timing (1377 1273) ps  polarity 1
net 38: (12 8)->(12 9) 0 1 0 1 #timing (1388 1518) ps  polarity 0
net 38: (14 6)->(12 6) 1 2 0 0 #timing (882 860) ps polarity 0
net 38: (12 6)->(12 10) 3 4 0 0 #timing (1212 1182) ps polarity 0
net 38: (12 10)->(8 10) 4 2 0 0 #timing (1468 1425) ps polarity 0
net 38: (8 10)->(8 10) 1 0 1 1 #timing (1634 1651) ps  polarity 1
net 38: (8 10)->(8 11) 0 1 0 1 #timing (1779 1750) ps  polarity 0
net 39: (8 7)->(8 7) 0 0 0 0 #timing (651 651) ps polarity 1
net 39: (8 7)->(8 7) 1 0 0 0 #timing (731 735) ps polarity 0
net 39: (8 7)->(8 7) 1 0 1 1 #timing (937 907) ps  polarity 1
net 39: (8 7)->(8 7) 0 0 0 1 #timing (1068 1070) ps  polarity 0
net 39: (8 7)->(8 11) 3 4 0 1 #timing (1176 1065) ps  polarity 0
net 39: (8 11)->(8 11) 1 0 0 1 #timing (1289 1178) ps  polarity 1
net 39: (8 11)->(8 11) 0 0 0 1 #timing (1309 1407) ps  polarity 0
net 39: (8 7)->(8 7) 5 0 0 0 #timing (838 851) ps polarity 1
net 39: (8 7)->(8 15) 5 1 0 1 #timing (1174 1192) ps  polarity 0
net 39: (8 15)->(10 13) 1 3 0 1 #timing (1469 1392) ps  polarity 1
net 39: (10 13)->(11 12) 0 3 0 1 #timing (1541 1621) ps  polarity 0
net 39: (8 7)->(10 5) 1 3 0 0 #timing (798 778) ps polarity 0
net 39: (10 5)->(14 5) 4 2 0 1 #timing (1190 1123) ps  polarity 0
net 39: (14 5)->(14 9) 3 4 0 1 #timing (1468 1351) ps  polarity 0
net 39: (14 9)->(14 9) 1 0 0 1 #timing (1573 1459) ps  polarity 1
net 39: (14 9)->(14 9) 0 0 0 1 #timing (1574 1684) ps  polarity 0
net 39: (14 9)->(15 9) 0 2 0 1 #timing (1570 1680) ps  polarity 0
net 39: (8 7)->(8 6) 0 1 0 0 #timing (770 770) ps polarity 1
net 39: (8 6)->(8 6) 1 0 0 0 #timing (868 866) ps polarity 0
net 39: (8 6)->(8 10) 3 4 0 0 #timing (1176 1115) ps polarity 0
net 39: (8 10)->(12 10) 4 2 0 0 #timing (1451 1380) ps polarity 0
net 39: (12 10)->(14 8) 1 3 0 1 #timing (1642 1668) ps  polarity 1
net 39: (14 8)->(15 8) 0 2 0 1 #timing (1814 1812) ps  polarity 0
net 39: (8 7)->(9 6) 0 3 0 0 #timing (762 762) ps polarity 1
net 39: (9 6)->(9 4) 1 1 0 0 #timing (907 892) ps polarity 0
net 39: (9 4)->(9 8) 3 4 0 1 #timing (1347 1240) ps  polarity 0
net 39: (9 8)->(9 8) 1 0 0 1 #timing (1474 1366) ps  polarity 1
net 39: (9 8)->(8 9) 0 3 0 1 #timing (1450 1563) ps  polarity 0
net 40: (10 10)->(10 10) 0 0 0 0 #timing (649 649) ps polarity 1
net 40: (10 10)->(10 10) 1 0 0 0 #timing (721 727) ps polarity 0
net 40: (10 10)->(10 6) 3 4 0 0 #timing (1019 957) ps polarity 0
net 40: (10 6)->(8 6) 1 2 0 1 #timing (1254 1152) ps  polarity 1
net 40: (8 6)->(8 7) 0 1 0 1 #timing (1317 1397) ps  polarity 0
net 40: (10 6)->(14 6) 4 2 0 0 #timing (1304 1226) ps polarity 0
net 40: (14 6)->(14 6) 1 0 1 1 #timing (1438 1483) ps  polarity 1
net 40: (14 6)->(15 7) 0 3 0 1 #timing (1605 1550) ps  polarity 0
net 40: (10 10)->(10 8) 1 1 0 0 #timing (758 752) ps polarity 0
net 40: (10 8)->(10 12) 3 1 0 1 #timing (1174 1079) ps  polarity 0
net 40: (10 12)->(10 12) 1 0 0 1 #timing (1277 1186) ps  polarity 1
net 40: (10 12)->(10 12) 0 0 0 1 #timing (1315 1394) ps  polarity 0
net 40: (10 10)->(11 11) 0 3 0 0 #timing (667 667) ps polarity 1
net 40: (11 11)->(9 11) 1 2 0 0 #timing (799 788) ps polarity 0
net 40: (9 11)->(9 11) 1 0 1 1 #timing (1025 995) ps  polarity 1
net 40: (9 11)->(8 11) 0 2 0 1 #timing (1091 1123) ps  polarity 0
net 40: (11 11)->(9 9) 1 3 0 0 #timing (849 817) ps polarity 0
net 40: (9 9)->(9 9) 1 0 1 1 #timing (1085 1034) ps  polarity 1
net 40: (9 9)->(8 9) 0 2 0 1 #timing (1115 1173) ps  polarity 0
net 52: (12 7)->(12 7) 0 0 0 0 #timing (406 406) ps polarity 0
net 52: (12 7)->(12 7) 1 0 0 0 #timing (477 483) ps polarity 1
net 52: (12 7)->(12 7) 5 0 0 0 #timing (585 595) ps polarity 0
net 52: (12 7)->(12 15) 5 1 0 1 #timing (921 932) ps  polarity 1
net 52: (12 15)->(8 15) 4 2 0 1 #timing (1144 1141) ps  polarity 1
net 52: (8 15)->(8 15) 1 0 0 1 #timing (1328 1304) ps  polarity 0
net 52: (8 15)->(8 14) 0 1 0 1 #timing (1424 1440) ps  polarity 1
net 52: (8 15)->(9 15) 0 2 0 1 #timing (1419 1438) ps  polarity 1
net 52: (12 7)->(12 23) 13 1 0 0 #timing (1204 1080) ps polarity 1
net 52: (12 23)->(12 23) 5 0 1 1 #timing (1426 1314) ps  polarity 1
net 52: (12 23)->(12 27) 3 4 0 1 #timing (1778 1594) ps  polarity 0
net 52: (12 27)->(12 27) 1 0 0 1 #timing (1875 1696) ps  polarity 1
net 52: (12 27)->(13 27) 0 2 0 1 #timing (1805 1981) ps  polarity 0
net 52: (12 7)->(14 7) 1 2 0 0 #timing (534 520) ps polarity 1
net 52: (14 7)->(14 11) 3 4 0 0 #timing (856 829) ps polarity 1
net 52: (14 11)->(14 11) 1 0 0 1 #timing (1065 1005) ps  polarity 0
net 52: (14 11)->(14 11) 0 0 0 1 #timing (1134 1183) ps  polarity 1
net 52: (12 7)->(12 6) 0 1 0 0 #timing (377 377) ps polarity 0
net 52: (12 6)->(12 4) 1 1 0 0 #timing (515 502) ps polarity 1
net 52: (12 4)->(12 8) 3 4 0 0 #timing (819 785) ps polarity 1
net 52: (12 8)->(8 8) 4 2 0 0 #timing (1080 1032) ps polarity 1
net 52: (8 8)->(10 8) 1 2 0 1 #timing (1276 1286) ps  polarity 0
net 52: (10 8)->(11 9) 0 3 0 1 #timing (1403 1393) ps  polarity 1
net 54: (14 15)->(14 15) 0 0 0 0 #timing (191 191) ps polarity 0
net 54: (14 15)->(14 15) 1 0 0 0 #timing (262 268) ps polarity 1
net 54: (14 15)->(14 11) 3 1 0 0 #timing (541 485) ps polarity 1
net 54: (14 11)->(14 11) 1 0 1 1 #timing (760 667) ps  polarity 0
net 54: (14 11)->(15 10) 0 3 0 1 #timing (798 877) ps  polarity 1
net 55: (17 13)->(17 13) 0 0 0 0 #timing (204 204) ps polarity 0
net 55: (17 13)->(17 13) 1 0 0 0 #timing (280 279) ps polarity 1
net 55: (17 13)->(13 13) 4 5 0 0 #timing (540 512) ps polarity 1
net 55: (13 13)->(15 13) 1 2 0 1 #timing (771 754) ps  polarity 0
net 55: (15 13)->(14 12) 0 3 0 1 #timing (912 921) ps  polarity 1
net 59: (10 12)->(10 12) 0 0 0 0 #timing (191 191) ps polarity 0
net 59: (10 12)->(8 14) 1 3 0 0 #timing (310 299) ps polarity 1
net 59: (8 14)->(8 14) 5 0 0 0 #timing (426 484) ps polarity 0
net 59: (8 14)->(8 6) 5 1 0 1 #timing (782 839) ps  polarity 1
net 59: (8 6)->(12 6) 4 2 0 1 #timing (1002 1044) ps  polarity 1
net 59: (12 6)->(12 6) 1 0 1 1 #timing (1193 1212) ps  polarity 0
net 59: (12 6)->(13 7) 0 3 0 1 #timing (1324 1299) ps  polarity 1
net 59: (10 12)->(10 13) 0 1 0 0 #timing (200 200) ps polarity 0
net 59: (10 13)->(8 15) 1 3 0 0 #timing (334 319) ps polarity 1
net 59: (8 15)->(12 15) 4 2 0 0 #timing (588 620) ps polarity 1
net 59: (12 15)->(16 15) 4 5 0 1 #timing (911 889) ps  polarity 1
net 59: (16 15)->(16 15) 1 0 1 1 #timing (1097 1051) ps  polarity 0
net 59: (16 15)->(16 15) 0 0 0 1 #timing (1167 1208) ps  polarity 1
net 59: (10 12)->(11 12) 0 2 0 0 #timing (204 204) ps polarity 0
net 59: (11 12)->(9 12) 1 2 0 0 #timing (324 316) ps polarity 1
net 59: (9 12)->(9 8) 3 1 0 0 #timing (638 614) ps polarity 1
net 59: (9 8)->(9 8) 1 0 1 1 #timing (857 800) ps  polarity 0
net 59: (9 8)->(9 9) 0 1 0 1 #timing (911 963) ps  polarity 1
net 59: (10 12)->(11 13) 0 3 0 0 #timing (202 202) ps polarity 0
net 59: (11 13)->(11 13) 1 0 0 0 #timing (292 295) ps polarity 1
net 59: (11 13)->(11 15) 1 1 0 1 #timing (535 495) ps  polarity 0
net 59: (11 15)->(10 14) 0 3 0 1 #timing (658 691) ps  polarity 1
net 59: (11 13)->(11 9) 3 1 0 0 #timing (582 525) ps polarity 1
net 59: (11 9)->(11 11) 1 1 0 1 #timing (837 732) ps  polarity 0
net 59: (11 11)->(11 10) 0 1 0 1 #timing (856 972) ps  polarity 1
net 59: (11 9)->(15 9) 4 2 0 0 #timing (889 805) ps polarity 1
net 59: (15 9)->(13 11) 1 3 0 1 #timing (1110 1127) ps  polarity 0
net 59: (13 11)->(12 11) 0 2 0 1 #timing (1274 1281) ps  polarity 1
net 59: (11 13)->(15 13) 4 2 0 0 #timing (571 542) ps polarity 1
net 59: (15 13)->(15 15) 1 1 0 1 #timing (784 774) ps  polarity 0
net 59: (15 15)->(15 14) 0 1 0 1 #timing (912 925) ps  polarity 1
net 59: (15 15)->(14 14) 0 3 0 1 #timing (934 935) ps  polarity 1
net 60: (15 12)->(14 13) 0 3 0 0 #timing (186 186) ps polarity 0
net 60: (14 13)->(12 13) 1 2 0 0 #timing (328 311) ps polarity 1
net 60: (12 13)->(12 9) 3 1 0 0 #timing (602 593) ps polarity 1
net 60: (12 9)->(12 9) 1 0 0 1 #timing (817 772) ps  polarity 0
net 60: (12 9)->(12 9) 0 0 0 1 #timing (886 927) ps  polarity 1
net 60: (12 9)->(8 9) 4 2 0 0 #timing (853 832) ps polarity 1
net 60: (8 9)->(8 9) 1 0 1 1 #timing (1039 1035) ps  polarity 0
net 60: (8 9)->(9 9) 0 2 0 1 #timing (1149 1148) ps  polarity 1
net 60: (8 9)->(10 11) 1 3 0 1 #timing (1106 1078) ps  polarity 0
net 60: (10 11)->(11 10) 0 3 0 1 #timing (1229 1264) ps  polarity 1
net 73: (14 7)->(14 6) 0 1 0 0 #timing (189 189) ps polarity 0
net 73: (14 6)->(12 4) 1 3 0 0 #timing (369 335) ps polarity 1
net 73: (12 4)->(12 8) 3 4 0 1 #timing (779 671) ps  polarity 1
net 73: (12 8)->(14 8) 1 2 0 1 #timing (918 801) ps  polarity 0
net 73: (14 8)->(14 8) 0 0 0 1 #timing (919 1055) ps  polarity 1
net 75: (14 9)->(15 9) 0 2 0 0 #timing (203 203) ps polarity 0
net 75: (15 9)->(15 9) 1 0 0 0 #timing (281 285) ps polarity 1
net 75: (15 9)->(15 9) 1 0 0 1 #timing (485 455) ps  polarity 0
net 75: (15 9)->(15 8) 0 1 0 1 #timing (568 593) ps  polarity 1
net 76: (11 11)->(10 11) 0 2 0 0 #timing (235 235) ps polarity 1
net 76: (10 11)->(10 11) 1 0 0 0 #timing (317 318) ps polarity 0
net 76: (10 11)->(10 11) 1 0 1 1 #timing (520 488) ps  polarity 1
net 76: (10 11)->(10 10) 0 1 0 1 #timing (600 627) ps  polarity 0
net 81: (9 10)->(9 10) 0 0 0 0 #timing (199 199) ps polarity 0
net 81: (9 10)->(9 10) 1 0 0 0 #timing (281 285) ps polarity 1
net 81: (9 10)->(9 10) 1 0 0 1 #timing (487 456) ps  polarity 0
net 81: (9 10)->(8 10) 0 2 0 1 #timing (529 569) ps  polarity 1
net 101: (8 12)->(9 12) 0 2 0 0 #timing (221 221) ps polarity 0
net 101: (9 12)->(9 12) 1 0 0 0 #timing (305 307) ps polarity 1
net 101: (9 12)->(9 8) 3 1 0 1 #timing (849 706) ps  polarity 1
net 101: (9 8)->(9 10) 1 1 0 1 #timing (997 849) ps  polarity 0
net 101: (9 10)->(8 11) 0 3 0 1 #timing (943 1113) ps  polarity 1
net 118: (12 14)->(13 15) 0 3 0 0 #timing (191 191) ps polarity 1
net 118: (13 15)->(13 15) 1 0 0 0 #timing (277 278) ps polarity 0
net 118: (13 15)->(17 15) 4 5 0 0 #timing (608 552) ps polarity 0
net 118: (17 15)->(17 15) 1 0 1 1 #timing (746 777) ps  polarity 1
net 118: (17 15)->(16 15) 0 2 0 1 #timing (898 859) ps  polarity 0
net 121: (10 8)->(10 8) 0 0 0 0 #timing (163 163) ps polarity 1
net 121: (10 8)->(10 8) 1 0 0 0 #timing (239 242) ps polarity 0
net 121: (10 8)->(10 12) 3 1 0 0 #timing (513 463) ps polarity 0
net 121: (10 12)->(14 12) 4 2 0 0 #timing (813 742) ps polarity 0
net 121: (14 12)->(14 12) 1 0 1 1 #timing (945 989) ps  polarity 1
net 121: (14 12)->(15 12) 0 2 0 1 #timing (1083 1042) ps  polarity 0
net 121: (10 8)->(10 9) 0 1 0 0 #timing (180 180) ps polarity 1
net 121: (10 9)->(8 11) 1 3 0 0 #timing (325 304) ps polarity 0
net 121: (8 11)->(8 15) 3 1 0 1 #timing (749 649) ps  polarity 0
net 121: (8 15)->(8 15) 1 0 1 1 #timing (857 759) ps  polarity 1
net 121: (8 15)->(9 14) 0 3 0 1 #timing (896 977) ps  polarity 0
net 124: (12 8)->(13 9) 0 3 0 0 #timing (191 191) ps polarity 1
net 124: (13 9)->(13 11) 1 1 0 0 #timing (317 305) ps polarity 0
net 124: (13 11)->(17 11) 4 5 0 0 #timing (619 618) ps polarity 0
net 124: (17 11)->(17 11) 5 0 0 0 #timing (739 754) ps polarity 1
net 124: (17 11)->(0 11) 13 2 1 0 #timing (1467 1310) ps polarity 0
net 124: (0 11)->(8 11) 5 2 0 1 #timing (2063 1862) ps  polarity 1
net 124: (8 11)->(12 11) 4 2 0 1 #timing (2308 2092) ps  polarity 1
net 124: (12 11)->(12 15) 3 1 0 1 #timing (2581 2316) ps  polarity 1
net 124: (12 15)->(12 15) 1 0 1 1 #timing (2679 2419) ps  polarity 0
net 124: (12 15)->(13 15) 0 2 0 1 #timing (2530 2786) ps  polarity 1
net 126: (14 8)->(14 8) 0 0 0 0 #timing (163 163) ps polarity 1
net 126: (14 8)->(14 8) 1 0 0 0 #timing (240 242) ps polarity 0
net 126: (14 8)->(14 12) 3 1 0 0 #timing (492 453) ps polarity 0
net 126: (14 12)->(12 12) 1 2 0 1 #timing (755 666) ps  polarity 1
net 126: (12 12)->(12 13) 0 1 0 1 #timing (836 917) ps  polarity 0
net 126: (14 8)->(14 8) 5 0 0 0 #timing (344 358) ps polarity 1
net 126: (14 8)->(14 24) 13 1 0 0 #timing (992 860) ps polarity 0
net 126: (14 24)->(14 24) 5 0 1 1 #timing (1231 1111) ps  polarity 0
net 126: (14 24)->(12 24) 1 2 0 1 #timing (1424 1285) ps  polarity 0
net 126: (12 24)->(12 25) 0 1 0 1 #timing (1440 1576) ps  polarity 1
net 126: (14 8)->(14 9) 0 1 0 0 #timing (180 180) ps polarity 1
net 126: (14 9)->(14 11) 1 1 0 0 #timing (294 285) ps polarity 0
net 126: (14 11)->(14 15) 3 1 0 0 #timing (612 579) ps polarity 0
net 126: (14 15)->(14 13) 1 1 0 1 #timing (867 785) ps  polarity 1
net 126: (14 13)->(14 12) 0 1 0 1 #timing (924 1010) ps  polarity 0
net 126: (14 15)->(10 15) 4 2 0 0 #timing (921 852) ps polarity 0
net 126: (10 15)->(8 13) 1 3 0 1 #timing (1147 1156) ps  polarity 1
net 126: (8 13)->(8 13) 0 0 0 1 #timing (1283 1287) ps  polarity 0
net 127: (9 11)->(8 11) 0 2 0 0 #timing (219 219) ps polarity 1
net 127: (8 11)->(10 11) 1 2 0 0 #timing (366 343) ps polarity 0
net 127: (10 11)->(10 11) 5 0 0 0 #timing (455 506) ps polarity 1
net 127: (10 11)->(10 3) 5 1 0 1 #timing (806 860) ps  polarity 0
net 127: (10 3)->(6 3) 4 5 0 1 #timing (1133 1134) ps  polarity 0
net 127: (6 3)->(6 1) 1 1 0 1 #timing (1369 1332) ps  polarity 1
net 127: (6 1)->(6 0) 0 1 0 1 #timing (1464 1509) ps  polarity 0
net 128: (12 8)->(12 8) 0 0 0 0 #timing (163 163) ps polarity 1
net 128: (12 8)->(12 8) 1 0 0 0 #timing (239 242) ps polarity 0
net 128: (12 8)->(12 12) 3 1 0 0 #timing (503 458) ps polarity 0
net 128: (12 12)->(8 12) 4 2 0 0 #timing (758 700) ps polarity 0
net 128: (8 12)->(10 12) 1 2 0 1 #timing (946 966) ps  polarity 1
net 128: (10 12)->(10 13) 0 1 0 1 #timing (1156 1099) ps  polarity 0
net 128: (12 12)->(16 12) 4 5 0 0 #timing (793 724) ps polarity 0
net 128: (16 12)->(16 12) 1 0 1 1 #timing (921 961) ps  polarity 1
net 128: (16 12)->(16 13) 0 1 0 1 #timing (1117 1053) ps  polarity 0
net 128: (12 8)->(12 9) 0 1 0 0 #timing (180 180) ps polarity 1
net 128: (12 9)->(12 9) 1 0 0 0 #timing (260 262) ps polarity 0
net 128: (12 9)->(12 13) 3 1 0 1 #timing (635 553) ps  polarity 0
net 128: (12 13)->(12 13) 1 0 1 1 #timing (733 656) ps  polarity 1
net 128: (12 13)->(12 12) 0 1 0 1 #timing (806 859) ps  polarity 0
net 128: (12 13)->(14 13) 1 2 0 1 #timing (770 681) ps  polarity 1
net 128: (14 13)->(14 13) 0 0 0 1 #timing (834 930) ps  polarity 0
net 129: (8 8)->(8 8) 0 0 0 0 #timing (177 177) ps polarity 1
net 129: (8 8)->(10 8) 1 2 0 0 #timing (295 286) ps polarity 0
net 129: (10 8)->(10 4) 3 4 0 0 #timing (566 549) ps polarity 0
net 129: (10 4)->(10 6) 1 1 0 1 #timing (818 757) ps  polarity 1
net 129: (10 6)->(10 7) 0 1 0 1 #timing (864 944) ps  polarity 0
net 130: (9 14)->(8 14) 0 2 0 0 #timing (212 212) ps polarity 1
net 130: (8 14)->(8 14) 1 0 0 0 #timing (296 297) ps polarity 0
net 130: (8 14)->(12 14) 4 2 0 0 #timing (533 529) ps polarity 0
net 130: (12 14)->(12 12) 1 1 0 1 #timing (783 743) ps  polarity 1
net 130: (12 12)->(13 13) 0 3 0 1 #timing (872 926) ps  polarity 0
net 131: (12 9)->(12 9) 0 0 0 0 #timing (383 383) ps polarity 0
net 131: (12 9)->(14 11) 1 3 0 0 #timing (532 510) ps polarity 1
net 131: (14 11)->(14 15) 3 1 0 1 #timing (943 851) ps  polarity 1
net 131: (14 15)->(12 15) 1 2 0 1 #timing (1086 985) ps  polarity 0
net 131: (12 15)->(12 15) 0 0 0 1 #timing (1109 1220) ps  polarity 1
net 131: (14 11)->(10 11) 4 2 0 0 #timing (793 822) ps polarity 1
net 131: (10 11)->(8 9) 1 3 0 1 #timing (1119 1028) ps  polarity 0
net 131: (8 9)->(8 8) 0 1 0 1 #timing (1150 1255) ps  polarity 1
net 132: (12 20)->(12 21) 0 1 0 0 #timing (180 180) ps polarity 1
net 132: (12 21)->(12 23) 1 1 0 0 #timing (300 288) ps polarity 0
net 132: (12 23)->(12 19) 3 1 0 0 #timing (601 582) ps polarity 0
net 132: (12 19)->(8 19) 4 2 0 1 #timing (946 871) ps  polarity 0
net 132: (8 19)->(8 15) 3 4 0 1 #timing (1268 1130) ps  polarity 0
net 132: (8 15)->(10 15) 1 2 0 1 #timing (1389 1250) ps  polarity 1
net 132: (10 15)->(11 15) 0 2 0 1 #timing (1368 1506) ps  polarity 0
net 133: (13 17)->(12 17) 0 2 0 0 #timing (235 235) ps polarity 1
net 133: (12 17)->(14 19) 1 3 0 0 #timing (397 368) ps polarity 0
net 133: (14 19)->(14 15) 3 4 0 0 #timing (677 690) ps polarity 0
net 133: (14 15)->(14 15) 1 0 1 1 #timing (889 868) ps  polarity 1
net 133: (14 15)->(14 14) 0 1 0 1 #timing (998 1006) ps  polarity 0
net 134: (13 26)->(12 26) 0 2 0 0 #timing (193 194) ps polarity 1
net 134: (12 26)->(12 26) 1 0 0 0 #timing (277 277) ps polarity 0
net 134: (12 26)->(12 26) 5 0 0 0 #timing (379 395) ps polarity 1
net 134: (12 26)->(12 11) 13 1 1 0 #timing (962 843) ps polarity 0
net 134: (12 11)->(12 11) 5 0 1 1 #timing (1218 1115) ps  polarity 0
net 134: (12 11)->(12 11) 1 0 0 1 #timing (1359 1254) ps  polarity 0
net 134: (12 11)->(13 11) 0 2 0 1 #timing (1391 1480) ps  polarity 1
net 136: (11 12)->(11 12) 0 0 0 0 #timing (184 184) ps polarity 0
net 136: (11 12)->(11 12) 1 0 0 0 #timing (257 263) ps polarity 1
net 136: (11 12)->(15 12) 4 2 0 0 #timing (576 529) ps polarity 1
net 136: (15 12)->(15 12) 1 0 1 1 #timing (732 750) ps  polarity 0
net 136: (15 12)->(14 12) 0 2 0 1 #timing (880 849) ps  polarity 1
net 136: (11 12)->(11 13) 0 1 0 0 #timing (194 194) ps polarity 0
net 136: (11 13)->(11 15) 1 1 0 0 #timing (312 298) ps polarity 1
net 136: (11 15)->(11 11) 3 1 0 0 #timing (611 591) ps polarity 1
net 136: (11 11)->(11 11) 1 0 1 1 #timing (827 770) ps  polarity 0
net 136: (11 11)->(10 11) 0 2 0 1 #timing (902 946) ps  polarity 1
net 137: (16 13)->(17 12) 0 3 0 0 #timing (184 184) ps polarity 0
net 137: (17 12)->(19 14) 1 3 0 0 #timing (346 318) ps polarity 1
net 137: (19 14)->(15 14) 4 5 0 0 #timing (606 640) ps polarity 1
net 137: (15 14)->(11 14) 4 2 0 1 #timing (857 879) ps  polarity 1
net 137: (11 14)->(11 10) 3 1 0 1 #timing (1160 1117) ps  polarity 1
net 137: (11 10)->(11 10) 1 0 0 1 #timing (1256 1219) ps  polarity 0
net 137: (11 10)->(10 11) 0 3 0 1 #timing (1382 1390) ps  polarity 1
net 138: (8 15)->(9 15) 0 2 0 0 #timing (205 205) ps polarity 0
net 138: (9 15)->(11 13) 1 3 0 0 #timing (356 336) ps polarity 1
net 138: (11 13)->(11 13) 1 0 0 1 #timing (594 555) ps  polarity 0
net 138: (11 13)->(11 12) 0 1 0 1 #timing (690 713) ps  polarity 1
net 140: (12 17)->(12 17) 0 0 0 0 #timing (161 161) ps polarity 1
net 140: (12 17)->(12 19) 1 1 0 0 #timing (268 262) ps polarity 0
net 140: (12 19)->(12 15) 3 4 0 0 #timing (534 515) ps polarity 0
net 140: (12 15)->(14 15) 1 2 0 1 #timing (787 721) ps  polarity 1
net 140: (14 15)->(15 15) 0 2 0 1 #timing (851 939) ps  polarity 0
net 142: (9 7)->(8 6) 0 3 0 0 #timing (357 358) ps polarity 0
net 142: (8 6)->(10 6) 1 2 0 0 #timing (517 494) ps polarity 1
net 142: (10 6)->(10 10) 3 4 0 0 #timing (830 807) ps polarity 1
net 142: (10 10)->(10 10) 1 0 0 1 #timing (1041 984) ps  polarity 0
net 142: (10 10)->(11 10) 0 2 0 1 #timing (1105 1153) ps  polarity 1
net 144: (13 9)->(13 9) 0 0 0 0 #timing (423 423) ps polarity 0
net 144: (13 9)->(15 11) 1 3 0 0 #timing (577 554) ps polarity 1
net 144: (15 11)->(11 11) 4 2 0 1 #timing (994 920) ps  polarity 1
net 144: (11 11)->(11 9) 1 1 0 1 #timing (1229 1117) ps  polarity 0
net 144: (11 9)->(10 9) 0 2 0 1 #timing (1259 1373) ps  polarity 1
net 145: (12 23)->(13 22) 0 3 0 0 #timing (182 182) ps polarity 1
net 145: (13 22)->(15 22) 1 2 0 0 #timing (325 308) ps polarity 0
net 145: (15 22)->(15 22) 5 0 1 0 #timing (428 481) ps polarity 1
net 145: (15 22)->(15 7) 13 1 1 0 #timing (1121 950) ps polarity 0
net 145: (15 7)->(15 7) 5 0 0 1 #timing (1335 1177) ps  polarity 0
net 145: (15 7)->(15 11) 3 4 0 1 #timing (1652 1438) ps  polarity 1
net 145: (15 11)->(13 11) 1 2 0 1 #timing (1792 1570) ps  polarity 0
net 145: (13 11)->(13 10) 0 1 0 1 #timing (1705 1942) ps  polarity 1
net 146: (13 23)->(12 22) 0 3 0 0 #timing (202 202) ps polarity 1
net 146: (12 22)->(14 22) 1 2 0 0 #timing (345 326) ps polarity 0
net 146: (14 22)->(14 22) 5 0 1 0 #timing (448 505) ps polarity 1
net 146: (14 22)->(14 7) 13 1 1 0 #timing (1084 922) ps polarity 0
net 146: (14 7)->(14 7) 5 0 0 1 #timing (1289 1142) ps  polarity 0
net 146: (14 7)->(14 11) 3 4 0 1 #timing (1651 1430) ps  polarity 1
net 146: (14 11)->(12 11) 1 2 0 1 #timing (1791 1562) ps  polarity 0
net 146: (12 11)->(13 10) 0 3 0 1 #timing (1706 1942) ps  polarity 1
net 147: (13 14)->(13 15) 0 1 0 0 #timing (174 174) ps polarity 1
net 147: (13 15)->(15 15) 1 2 0 0 #timing (306 291) ps polarity 0
net 147: (15 15)->(15 15) 1 0 0 1 #timing (528 490) ps  polarity 1
net 147: (15 15)->(15 15) 0 0 0 1 #timing (592 630) ps  polarity 0
net 148: (13 23)->(13 22) 0 1 0 0 #timing (157 157) ps polarity 1
net 148: (13 22)->(13 22) 1 0 0 0 #timing (235 237) ps polarity 0
net 148: (13 22)->(13 22) 5 0 0 0 #timing (338 352) ps polarity 1
net 148: (13 22)->(13 6) 13 1 0 0 #timing (979 847) ps polarity 0
net 148: (13 6)->(13 6) 5 0 0 1 #timing (1219 1097) ps  polarity 0
net 148: (13 6)->(13 10) 3 4 0 1 #timing (1563 1374) ps  polarity 1
net 148: (13 10)->(13 10) 1 0 0 1 #timing (1664 1479) ps  polarity 0
net 148: (13 10)->(12 10) 0 2 0 1 #timing (1607 1781) ps  polarity 1
net 149: (15 9)->(14 9) 0 2 0 0 #timing (183 183) ps polarity 0
net 149: (14 9)->(12 9) 1 2 0 0 #timing (313 298) ps polarity 1
net 149: (12 9)->(12 13) 3 1 0 0 #timing (606 592) ps polarity 1
net 149: (12 13)->(8 13) 4 2 0 0 #timing (858 835) ps polarity 1
net 149: (8 13)->(8 13) 1 0 1 1 #timing (1040 1038) ps  polarity 0
net 149: (8 13)->(8 12) 0 1 0 1 #timing (1232 1184) ps  polarity 1
net 150: (12 23)->(13 23) 0 2 0 0 #timing (174 174) ps polarity 1
net 150: (13 23)->(13 23) 1 0 0 0 #timing (262 264) ps polarity 0
net 150: (13 23)->(13 23) 5 0 1 0 #timing (369 383) ps polarity 1
net 150: (13 23)->(13 7) 13 1 0 0 #timing (996 869) ps polarity 0
net 150: (13 7)->(13 7) 5 0 0 1 #timing (1228 1111) ps  polarity 0
net 150: (13 7)->(13 11) 3 4 0 1 #timing (1603 1406) ps  polarity 1
net 150: (13 11)->(13 11) 1 0 1 1 #timing (1699 1506) ps  polarity 0
net 150: (13 11)->(12 10) 0 3 0 1 #timing (1628 1811) ps  polarity 1
net 152: (13 17)->(12 16) 0 3 0 0 #timing (180 180) ps polarity 1
net 152: (12 16)->(12 18) 1 1 0 0 #timing (293 285) ps polarity 0
net 152: (12 18)->(12 14) 3 4 0 0 #timing (591 566) ps polarity 0
net 152: (12 14)->(12 14) 5 0 0 0 #timing (721 706) ps polarity 1
net 152: (12 14)->(12 6) 5 1 0 1 #timing (1064 1054) ps  polarity 0
net 152: (12 6)->(12 10) 3 4 0 1 #timing (1483 1397) ps  polarity 0
net 152: (12 10)->(12 10) 1 0 0 1 #timing (1584 1501) ps  polarity 1
net 152: (12 10)->(12 11) 0 1 0 1 #timing (1597 1681) ps  polarity 0
net 153: (12 14)->(12 15) 0 1 0 0 #timing (180 180) ps polarity 1
net 153: (12 15)->(14 15) 1 2 0 0 #timing (316 298) ps polarity 0
net 153: (14 15)->(14 15) 1 0 0 1 #timing (538 499) ps  polarity 1
net 153: (14 15)->(15 14) 0 3 0 1 #timing (655 669) ps  polarity 0
net 154: (8 11)->(8 11) 0 0 0 0 #timing (197 197) ps polarity 1
net 154: (8 11)->(10 9) 1 3 0 0 #timing (356 330) ps polarity 0
net 154: (10 9)->(10 5) 3 4 0 1 #timing (893 729) ps  polarity 0
net 154: (10 5)->(10 7) 1 1 0 1 #timing (1039 865) ps  polarity 1
net 154: (10 7)->(10 7) 0 0 0 1 #timing (1008 1188) ps  polarity 0
net 155: (14 11)->(14 11) 0 0 0 0 #timing (155 155) ps polarity 1
net 155: (14 11)->(12 11) 1 2 0 0 #timing (289 271) ps polarity 0
net 155: (12 11)->(12 11) 1 0 1 1 #timing (512 472) ps  polarity 1
net 155: (12 11)->(12 11) 0 0 0 1 #timing (599 629) ps  polarity 0
net 155: (12 11)->(8 11) 4 2 0 0 #timing (539 560) ps polarity 0
net 155: (8 11)->(8 9) 1 1 0 1 #timing (818 758) ps  polarity 1
net 155: (8 9)->(8 9) 0 0 0 1 #timing (900 964) ps  polarity 0
net 155: (14 11)->(14 10) 0 1 0 0 #timing (161 161) ps polarity 1
net 155: (14 10)->(14 10) 1 0 0 0 #timing (238 240) ps polarity 0
net 155: (14 10)->(14 14) 3 1 0 0 #timing (521 470) ps polarity 0
net 155: (14 14)->(14 14) 1 0 1 1 #timing (722 640) ps 
net 155: (14 14)->(18 14) 4 5 0 0 #timing (816 741) ps polarity 0
net 155: (18 14)->(16 14) 1 2 0 1 #timing (1001 1029) ps  polarity 1
net 155: (16 14)->(16 15) 0 1 0 1 #timing (1158 1140) ps  polarity 0
net 155: (16 14)->(17 15) 0 3 0 1 #timing (1155 1138) ps  polarity 0
net 155: (14 10)->(14 14) 3 1 0 1 #timing (627 539) ps  polarity 0
net 155: (14 14)->(14 14) 1 0 1 1 #timing (722 640) ps  polarity 1
net 155: (14 14)->(14 14) 0 0 0 1 #timing (743 823) ps  polarity 0
net 155: (14 14)->(15 14) 0 2 0 1 #timing (781 846) ps  polarity 0
net 155: (14 14)->(15 15) 0 3 0 1 #timing (755 830) ps  polarity 0
net 155: (14 10)->(10 10) 4 2 0 0 #timing (537 491) ps polarity 0
net 155: (10 10)->(10 10) 1 0 1 1 #timing (703 721) ps  polarity 1
net 155: (10 10)->(10 10) 0 0 0 1 #timing (848 819) ps  polarity 0
net 155: (10 10)->(8 8) 1 3 0 1 #timing (789 772) ps  polarity 1
net 155: (8 8)->(8 8) 0 0 0 1 #timing (912 937) ps  polarity 0
net 155: (10 10)->(10 14) 3 1 0 1 #timing (900 858) ps  polarity 0
net 155: (10 14)->(10 14) 1 0 0 1 #timing (1002 964) ps  polarity 1
net 155: (10 14)->(10 14) 0 0 0 1 #timing (1068 1103) ps  polarity 0
net 155: (10 14)->(11 15) 0 3 0 1 #timing (1079 1111) ps  polarity 0
net 155: (14 10)->(14 8) 1 1 0 0 #timing (278 267) ps polarity 0
net 155: (14 8)->(14 8) 1 0 1 1 #timing (496 459) ps  polarity 1
net 155: (14 8)->(15 9) 0 3 0 1 #timing (576 606) ps  polarity 0
net 155: (14 11)->(15 11) 0 2 0 0 #timing (174 174) ps polarity 1
net 155: (15 11)->(15 9) 1 1 0 0 #timing (303 293) ps polarity 0
net 155: (15 9)->(15 9) 1 0 1 1 #timing (517 479) ps  polarity 1
net 155: (15 9)->(14 9) 0 2 0 1 #timing (601 631) ps  polarity 0
net 156: (13 20)->(13 21) 0 1 0 0 #timing (192 192) ps polarity 1
net 156: (13 21)->(15 23) 1 3 0 0 #timing (348 322) ps polarity 0
net 156: (15 23)->(15 19) 3 1 0 0 #timing (615 641) ps polarity 0
net 156: (15 19)->(11 19) 4 2 0 0 #timing (877 886) ps polarity 0
net 156: (11 19)->(11 15) 3 4 0 1 #timing (1315 1202) ps  polarity 0
net 156: (11 15)->(11 15) 1 0 1 1 #timing (1408 1300) ps  polarity 1
net 156: (11 15)->(11 15) 0 0 0 1 #timing (1401 1510) ps  polarity 0
net 157: (14 8)->(15 8) 0 2 0 0 #timing (180 180) ps polarity 1
net 157: (15 8)->(15 8) 1 0 0 0 #timing (261 262) ps polarity 0
net 157: (15 8)->(15 12) 3 1 0 0 #timing (532 483) ps polarity 0
net 157: (15 12)->(11 12) 4 2 0 0 #timing (804 732) ps polarity 0
net 157: (11 12)->(11 14) 1 1 0 1 #timing (999 1025) ps  polarity 1
net 157: (11 14)->(11 15) 0 1 0 1 #timing (1157 1139) ps  polarity 0
net 157: (11 14)->(10 14) 0 2 0 1 #timing (1166 1143) ps  polarity 0
net 157: (15 12)->(19 12) 4 5 0 0 #timing (860 768) ps polarity 0
net 157: (19 12)->(17 12) 1 2 0 1 #timing (1000 1056) ps  polarity 1
net 157: (17 12)->(17 13) 0 1 0 1 #timing (1208 1164) ps  polarity 0
net 157: (15 8)->(13 10) 1 3 0 0 #timing (343 314) ps polarity 0
net 157: (13 10)->(13 10) 1 0 1 1 #timing (576 528) ps  polarity 1
net 157: (13 10)->(12 11) 0 3 0 1 #timing (690 709) ps  polarity 0
net 157: (14 8)->(15 9) 0 3 0 0 #timing (191 191) ps polarity 1
net 157: (15 9)->(15 11) 1 1 0 0 #timing (310 301) ps polarity 0
net 157: (15 11)->(15 15) 3 1 0 0 #timing (580 562) ps polarity 0
net 157: (15 15)->(15 13) 1 1 0 1 #timing (834 768) ps  polarity 1
net 157: (15 13)->(15 13) 0 0 0 1 #timing (880 962) ps  polarity 0
net 157: (15 9)->(13 11) 1 3 0 0 #timing (358 328) ps polarity 0
net 157: (13 11)->(9 11) 4 2 0 0 #timing (645 684) ps polarity 0
net 157: (9 11)->(11 11) 1 2 0 1 #timing (961 873) ps  polarity 1
net 157: (11 11)->(10 10) 0 3 0 1 #timing (981 1103) ps  polarity 0
net 158: (15 8)->(14 9) 0 3 0 0 #timing (204 204) ps polarity 1
net 158: (14 9)->(14 9) 1 0 0 0 #timing (289 290) ps polarity 0
net 158: (14 9)->(14 9) 1 0 1 1 #timing (493 461) ps  polarity 1
net 158: (14 9)->(15 8) 0 3 0 1 #timing (617 623) ps  polarity 0
net 160: (12 26)->(12 27) 0 1 0 0 #timing (183 183) ps polarity 1
net 160: (12 27)->(14 25) 1 3 0 0 #timing (382 339) ps polarity 0
net 160: (14 25)->(14 25) 5 0 1 0 #timing (462 550) ps polarity 1
net 160: (14 25)->(14 8) 13 1 1 0 #timing (1223 1006) ps polarity 0
net 160: (14 8)->(14 8) 5 0 1 1 #timing (1452 1248) ps  polarity 0
net 160: (14 8)->(12 10) 1 3 0 1 #timing (1678 1443) ps  polarity 0
net 160: (12 10)->(13 11) 0 3 0 1 #timing (1581 1839) ps  polarity 1
net 161: (10 15)->(10 14) 0 1 0 0 #timing (198 198) ps polarity 0
net 161: (10 14)->(10 14) 1 0 0 0 #timing (284 282) ps polarity 1
net 161: (10 14)->(14 14) 4 2 0 1 #timing (653 588) ps  polarity 1
net 161: (14 14)->(14 10) 3 1 0 1 #timing (958 823) ps  polarity 1
net 161: (14 10)->(14 10) 1 0 0 1 #timing (1051 923) ps  polarity 0
net 161: (14 10)->(14 10) 0 0 0 1 #timing (1049 1166) ps  polarity 1
net 162: (12 20)->(12 20) 0 0 0 0 #timing (166 166) ps polarity 1
net 162: (12 20)->(12 20) 1 0 0 0 #timing (242 245) ps polarity 0
net 162: (12 20)->(12 16) 3 1 0 0 #timing (525 471) ps polarity 0
net 162: (12 16)->(8 16) 4 2 0 1 #timing (873 762) ps  polarity 0
net 162: (8 16)->(8 12) 3 4 0 1 #timing (1185 1009) ps  polarity 0
net 162: (8 12)->(10 14) 1 3 0 1 #timing (1324 1139) ps  polarity 1
net 162: (10 14)->(11 14) 0 2 0 1 #timing (1270 1476) ps  polarity 0
net 163: (9 12)->(8 13) 0 3 0 0 #timing (190 190) ps polarity 0
net 163: (8 13)->(8 13) 1 0 0 0 #timing (280 280) ps polarity 1
net 163: (8 13)->(8 13) 1 0 0 1 #timing (487 452) ps  polarity 0
net 163: (8 13)->(9 12) 0 3 0 1 #timing (590 608) ps  polarity 1
net 164: (12 17)->(12 16) 0 1 0 0 #timing (161 161) ps polarity 1
net 164: (12 16)->(12 16) 1 0 0 0 #timing (239 240) ps polarity 0
net 164: (12 16)->(12 16) 5 0 0 0 #timing (342 357) ps polarity 1
net 164: (12 16)->(12 1) 13 1 1 0 #timing (984 852) ps polarity 0
net 164: (12 1)->(12 9) 5 1 0 1 #timing (1439 1291) ps  polarity 1
net 164: (12 9)->(8 9) 4 2 0 1 #timing (1666 1503) ps  polarity 1
net 164: (8 9)->(8 13) 3 1 0 1 #timing (1952 1739) ps  polarity 1
net 164: (8 13)->(10 15) 1 3 0 1 #timing (2102 1878) ps  polarity 0
net 164: (10 15)->(10 14) 0 1 0 1 #timing (2088 2288) ps  polarity 1
net 165: (8 10)->(8 10) 0 0 0 0 #timing (206 206) ps polarity 0
net 165: (8 10)->(10 8) 1 3 0 0 #timing (370 344) ps polarity 1
net 165: (10 8)->(10 8) 5 0 0 0 #timing (463 531) ps polarity 0
net 165: (10 8)->(10 0) 5 1 0 1 #timing (810 882) ps  polarity 1
net 165: (10 0)->(6 0) 4 5 0 1 #timing (1180 1186) ps  polarity 1
net 165: (6 0)->(6 0) 1 0 1 1 #timing (1376 1355) ps  polarity 0
net 165: (6 0)->(6 0) 0 0 0 1 #timing (1461 1481) ps  polarity 1
net 166: (13 20)->(12 21) 0 3 0 0 #timing (188 188) ps polarity 1
net 166: (12 21)->(14 23) 1 3 0 0 #timing (345 319) ps polarity 0
net 166: (14 23)->(14 19) 3 1 0 0 #timing (618 648) ps polarity 0
net 166: (14 19)->(10 19) 4 2 0 0 #timing (932 923) ps polarity 0
net 166: (10 19)->(10 15) 3 4 0 1 #timing (1345 1260) ps  polarity 0
net 166: (10 15)->(10 15) 1 0 1 1 #timing (1437 1358) ps  polarity 1
net 166: (10 15)->(11 14) 0 3 0 1 #timing (1519 1570) ps  polarity 0
net 167: (15 8)->(15 8) 0 0 0 0 #timing (162 162) ps polarity 1
net 167: (15 8)->(15 10) 1 1 0 0 #timing (277 268) ps polarity 0
net 167: (15 10)->(15 14) 3 1 0 0 #timing (561 541) ps polarity 0
net 167: (15 14)->(15 14) 1 0 1 1 #timing (773 717) ps  polarity 1
net 167: (15 14)->(15 14) 0 0 0 1 #timing (850 892) ps  polarity 0
net 167: (15 14)->(15 15) 0 1 0 1 #timing (864 899) ps  polarity 0
net 167: (15 14)->(14 14) 0 2 0 1 #timing (838 886) ps  polarity 0
net 167: (15 14)->(13 12) 1 3 0 1 #timing (852 769) ps  polarity 1
net 167: (13 12)->(13 12) 0 0 0 1 #timing (926 1026) ps  polarity 0
net 167: (15 14)->(11 14) 4 2 0 0 #timing (844 798) ps polarity 0
net 167: (11 14)->(11 12) 1 1 0 1 #timing (1062 1064) ps  polarity 1
net 167: (11 12)->(11 13) 0 1 0 1 #timing (1223 1221) ps  polarity 0
net 167: (15 14)->(19 14) 4 5 0 0 #timing (915 843) ps polarity 0
net 167: (19 14)->(17 14) 1 2 0 1 #timing (1080 1114) ps  polarity 1
net 167: (17 14)->(17 15) 0 1 0 1 #timing (1276 1247) ps  polarity 0
net 167: (17 14)->(16 15) 0 3 0 1 #timing (1273 1245) ps  polarity 0
net 167: (15 8)->(13 8) 1 2 0 0 #timing (294 278) ps polarity 0
net 167: (13 8)->(13 8) 1 0 1 1 #timing (516 479) ps  polarity 1
net 167: (13 8)->(12 9) 0 3 0 1 #timing (624 640) ps  polarity 0
