#COLLECTE 4 WINNING_JOBS
##PARALLEL JOB[3] (3,expjob_3) timing=2147483647 dir=minplacer\00003_pa03_00006_rplan
##PARALLEL JOB[2] (2,expjob_2) timing=2147483647 dir=minplacer\00002_pa02_00006_rplan
##PARALLEL JOB[1] (1,expjob_1) timing=2147483647 dir=minplacer\00001_pa01_00006_rplan
##PARALLEL JOB[0] (0,expjob_0) timing=2147483647 dir=minplacer\00000_pa00_00006_rplan
PrePlaceDly=2147483647
#PLC_RUNDIR=minplacer\00000_pa00_00003_wl timing=2147483647 cg=0
PlaceDly=2147483647
TWL=880
PEAKMEM=1304MB
#PLC_RUNDIR=minplacer\00000_pa00_00004_repopt timing=2147483647 cg=0
PlaceDly=2147483647
TWL=880
PEAKMEM=1337MB
#PLC_RUNDIR=minplacer\00000_pa00_00005_post timing=2147483647 cg=0
PostIter=1
PlaceDly=2147483647
TWL=880
PEAKMEM=1415MB
TotPostIter=1
#PLC_RUNDIR=minplacer\00000_pa00_00006_rplan timing=2147483647 cg=50
FinderPnRatio=50
FinderPnIter=0
PlaceDly=2147483647
PEAKMEM=1374MB
ParWin                              =expjob_0
