#COLLECTE 4 WINNING_JOBS
##PARALLEL JOB[3] (1,expjob_1) timing=10143 dir=minplacer\00001_pa01_00006_rplan
##PARALLEL JOB[2] (3,expjob_3) timing=10026 dir=minplacer\00003_pa03_00006_rplan
##PARALLEL JOB[1] (0,expjob_0) timing=9990 dir=minplacer\00000_pa00_00006_rplan
##PARALLEL JOB[0] (2,expjob_2) timing=9474 dir=minplacer\00002_pa02_00006_rplan
PrePlaceDly=46090
#PLC_RUNDIR=minplacer\00002_pa02_00003_wl timing=6435 cg=0
PlaceDly=6435
TWL=5520
PEAKMEM=1304MB
#PLC_RUNDIR=minplacer\00002_pa02_00004_repopt timing=6435 cg=0
PlaceDly=6435
TWL=5520
PEAKMEM=1337MB
#PLC_RUNDIR=minplacer\00002_pa02_00005_post timing=9474 cg=0
PostIter=13
PlaceDly=9474
TWL=5860
PEAKMEM=1415MB
TotPostIter=13
#PLC_RUNDIR=minplacer\00002_pa02_00006_rplan timing=9474 cg=50
FinderPnRatio=50
FinderPnIter=0
PlaceDly=9474
PEAKMEM=1374MB
ParWin                              =expjob_2
